{
  "smokeTests": {
    "fieldLabelUniqueSlugAdd": [
      {
        "url": "https://api.formstack.com/api/v2/field/158238459",
        "httpMethod": "PUT",
        "headers": {
          "content-type": "application/json",
          "Authorization": "Bearer the-api-key"
        },
        "body": "{\"label\":\"|8459|DemonstrateLogice\"}"
      },
      {
        "url": "https://api.formstack.com/api/v2/field/158238460",
        "httpMethod": "PUT",
        "headers": {
          "content-type": "application/json",
          "Authorization": "Bearer the-api-key"
        },
        "body": "{\"label\":\"|8460|CheckboxA\"}"
      },
      {
        "url": "https://api.formstack.com/api/v2/field/158238461",
        "httpMethod": "PUT",
        "headers": {
          "content-type": "application/json",
          "Authorization": "Bearer the-api-key"
        },
        "body": "{\"label\":\"|8461|CheckboxB\"}"
      },
      {
        "url": "https://api.formstack.com/api/v2/field/158238462",
        "httpMethod": "PUT",
        "headers": {
          "content-type": "application/json",
          "Authorization": "Bearer the-api-key"
        },
        "body": "{\"label\":\"|8462|MARV_ENABLED\"}"
      },
      {
        "url": "https://api.formstack.com/api/v2/field/158238463",
        "httpMethod": "PUT",
        "headers": {
          "content-type": "application/json",
          "Authorization": "Bearer the-api-key"
        },
        "body": "{\"label\":\"|8463|MARV_LOGIC_STASH\"}"
      }
    ],
    "fieldLabelUniqueSlugRemove": [
      {
        "url": "https://api.formstack.com/api/v2/field/158238459",
        "httpMethod": "PUT",
        "headers": {
          "content-type": "application/json",
          "Authorization": "Bearer the-api-key"
        },
        "body": "{\"label\":\"DemonstrateLogice\"}"
      },
      {
        "url": "https://api.formstack.com/api/v2/field/158238460",
        "httpMethod": "PUT",
        "headers": {
          "content-type": "application/json",
          "Authorization": "Bearer the-api-key"
        },
        "body": "{\"label\":\"CheckboxA\"}"
      },
      {
        "url": "https://api.formstack.com/api/v2/field/158238461",
        "httpMethod": "PUT",
        "headers": {
          "content-type": "application/json",
          "Authorization": "Bearer the-api-key"
        },
        "body": "{\"label\":\"CheckboxB\"}"
      },
      {
        "url": "https://api.formstack.com/api/v2/field/158238462",
        "httpMethod": "PUT",
        "headers": {
          "content-type": "application/json",
          "Authorization": "Bearer the-api-key"
        },
        "body": "{\"label\":\"MARV_ENABLED\"}"
      },
      {
        "url": "https://api.formstack.com/api/v2/field/158238463",
        "httpMethod": "PUT",
        "headers": {
          "content-type": "application/json",
          "Authorization": "Bearer the-api-key"
        },
        "body": "{\"label\":\"MARV_LOGIC_STASH\"}"
      }
    ],
    "fieldLogicRemove": [
      [
        {
          "url": "https://api.formstack.com/api/v2/form/5603038.json",
          "httpMethod": "GET",
          "headers": {
            "content-type": "application/json",
            "Authorization": "Bearer the-api-key"
          }
        }
      ],
      [
        {
          "url": "https://api.formstack.com/api/v2/field/158238459",
          "httpMethod": "PUT",
          "headers": {
            "content-type": "application/json",
            "Authorization": "Bearer the-api-key"
          },
          "body": "{\"logic\":{}}"
        }
      ],
      [
        {
          "url": "https://api.formstack.com/api/v2/field/158238460",
          "httpMethod": "PUT",
          "headers": {
            "content-type": "application/json",
            "Authorization": "Bearer the-api-key"
          },
          "body": "{\"logic\":{}}"
        }
      ],
      [
        {
          "url": "https://api.formstack.com/api/v2/field/158238461",
          "httpMethod": "PUT",
          "headers": {
            "content-type": "application/json",
            "Authorization": "Bearer the-api-key"
          },
          "body": "{\"logic\":{}}"
        }
      ]
    ],
    "fieldLogicStashApply": [
      {
        "url": "https://api.formstack.com/api/v2/field/158238459",
        "httpMethod": "PUT",
        "headers": {
          "content-type": "application/json",
          "Authorization": "Bearer the-api-key"
        },
        "body": "{\"logic\":{\"action\":\"show\",\"conditional\":\"all\",\"checks\":[{\"field\":\"158238460\",\"condition\":\"equals\",\"option\":\"Option1\"},{\"field\":158238461,\"condition\":\"equals\",\"option\":\"Option1\"}]}}"
      },
      {
        "url": "https://api.formstack.com/api/v2/field/158238460",
        "httpMethod": "PUT",
        "headers": {
          "content-type": "application/json",
          "Authorization": "Bearer the-api-key"
        },
        "body": "{\"logic\":{\"action\":\"show\",\"conditional\":\"all\",\"checks\":[{\"field\":\"158238461\",\"condition\":\"equals\",\"option\":\"Option1\"}]}}"
      },
      {
        "url": "https://api.formstack.com/api/v2/field/158238461",
        "httpMethod": "PUT",
        "headers": {
          "content-type": "application/json",
          "Authorization": "Bearer the-api-key"
        },
        "body": "{\"logic\":{\"action\":\"show\",\"conditional\":\"all\",\"checks\":[{\"field\":\"158238460\",\"condition\":\"equals\",\"option\":\"Option1\"}]}}"
      }
    ],
    "fieldLogicStashApplyAndRemove": [
      [
        {
          "url": "https://api.formstack.com/api/v2/form/5603038.json",
          "httpMethod": "GET",
          "headers": {
            "content-type": "application/json",
            "Authorization": "Bearer the-api-key"
          }
        }
      ],
      [
        {
          "url": "https://api.formstack.com/api/v2/field/158238459",
          "httpMethod": "PUT",
          "headers": {
            "content-type": "application/json",
            "Authorization": "Bearer the-api-key"
          },
          "body": "{\"logic\":{\"action\":\"show\",\"conditional\":\"all\",\"checks\":[{\"field\":\"158238460\",\"condition\":\"equals\",\"option\":\"Option1\"},{\"field\":158238461,\"condition\":\"equals\",\"option\":\"Option1\"}]}}"
        }
      ],
      [
        {
          "url": "https://api.formstack.com/api/v2/field/158238460",
          "httpMethod": "PUT",
          "headers": {
            "content-type": "application/json",
            "Authorization": "Bearer the-api-key"
          },
          "body": "{\"logic\":{\"action\":\"show\",\"conditional\":\"all\",\"checks\":[{\"field\":\"158238461\",\"condition\":\"equals\",\"option\":\"Option1\"}]}}"
        }
      ],
      [
        {
          "url": "https://api.formstack.com/api/v2/field/158238461",
          "httpMethod": "PUT",
          "headers": {
            "content-type": "application/json",
            "Authorization": "Bearer the-api-key"
          },
          "body": "{\"logic\":{\"action\":\"show\",\"conditional\":\"all\",\"checks\":[{\"field\":\"158238460\",\"condition\":\"equals\",\"option\":\"Option1\"}]}}"
        }
      ],
      [
        {
          "url": "https://api.formstack.com/api/v2/field/158238463",
          "httpMethod": "DELETE",
          "headers": {
            "content-type": "application/json",
            "Authorization": "Bearer the-api-key"
          }
        }
      ]
    ],

    "fieldLogicStashCreate": {
      "url": "https://api.formstack.com/api/v2/form/5603038/field.json",
      "httpMethod": "POST",
      "headers": {
        "content-type": "application/json",
        "Authorization": "Bearer the-api-key"
      },
      "body": {
        "field_type": "text",
        "hidden": true,
        "default_value": "{\"base64\":\"eyIxNTgyMzg0NTkiOnsiYWN0aW9uIjoic2hvdyIsImNvbmRpdGlvbmFsIjoiYWxsIiwiY2hlY2tzIjpbeyJmaWVsZCI6IjE1ODIzODQ2MCIsImNvbmRpdGlvbiI6ImVxdWFscyIsIm9wdGlvbiI6Ik9wdGlvbjEifSx7ImZpZWxkIjoxNTgyMzg0NjEsImNvbmRpdGlvbiI6ImVxdWFscyIsIm9wdGlvbiI6Ik9wdGlvbjEifV19LCIxNTgyMzg0NjAiOnsiYWN0aW9uIjoic2hvdyIsImNvbmRpdGlvbmFsIjoiYWxsIiwiY2hlY2tzIjpbeyJmaWVsZCI6IjE1ODIzODQ2MSIsImNvbmRpdGlvbiI6ImVxdWFscyIsIm9wdGlvbiI6Ik9wdGlvbjEifV19LCIxNTgyMzg0NjEiOnsiYWN0aW9uIjoic2hvdyIsImNvbmRpdGlvbmFsIjoiYWxsIiwiY2hlY2tzIjpbeyJmaWVsZCI6IjE1ODIzODQ2MCIsImNvbmRpdGlvbiI6ImVxdWFscyIsIm9wdGlvbiI6Ik9wdGlvbjEifV19fQ==\"}",
        "default": "{\"base64\":\"eyIxNTgyMzg0NTkiOnsiYWN0aW9uIjoic2hvdyIsImNvbmRpdGlvbmFsIjoiYWxsIiwiY2hlY2tzIjpbeyJmaWVsZCI6IjE1ODIzODQ2MCIsImNvbmRpdGlvbiI6ImVxdWFscyIsIm9wdGlvbiI6Ik9wdGlvbjEifSx7ImZpZWxkIjoxNTgyMzg0NjEsImNvbmRpdGlvbiI6ImVxdWFscyIsIm9wdGlvbiI6Ik9wdGlvbjEifV19LCIxNTgyMzg0NjAiOnsiYWN0aW9uIjoic2hvdyIsImNvbmRpdGlvbmFsIjoiYWxsIiwiY2hlY2tzIjpbeyJmaWVsZCI6IjE1ODIzODQ2MSIsImNvbmRpdGlvbiI6ImVxdWFscyIsIm9wdGlvbiI6Ik9wdGlvbjEifV19LCIxNTgyMzg0NjEiOnsiYWN0aW9uIjoic2hvdyIsImNvbmRpdGlvbmFsIjoiYWxsIiwiY2hlY2tzIjpbeyJmaWVsZCI6IjE1ODIzODQ2MCIsImNvbmRpdGlvbiI6ImVxdWFscyIsIm9wdGlvbiI6Ik9wdGlvbjEifV19fQ==\"}",
        "label": "MARV_LOGIC_STASH"
      }
    },
    "fieldLogicStashRemove": {
      "url": "https://api.formstack.com/api/v2/field/158238463",
      "httpMethod": "DELETE",
      "headers": {
        "content-type": "application/json",
        "Authorization": "Bearer the-api-key"
      }
    },
    "formDeveloperCopy": {
      "url": "https://api.formstack.com/api/v2/form/5603038/copy",
      "httpMethod": "POST",
      "headers": {
        "content-type": "application/json",
        "Authorization": "Bearer the-api-key"
      },
      "body": null
    },
    "formLiteAdd": {
      "url": "https://api.formstack.com/api/v2/form.json",
      "httpMethod": "POST",
      "headers": {
        "content-type": "application/json",
        "Authorization": "Bearer the-api-key"
      },
      "body": {
        "name": "5603038",
        "fields": []
      }
    }
  }
}
